// Jest Snapshot v1, https://goo.gl/fbAQLP

exports[`Service/RequestService HTTP DELETE .validateAgainstConstraints should return a response containing validation errors if the data provided is incorrect 1`] = `
ResponseModel {
  "body": Object {
    "data": Object {},
    "message": "required fields are missing",
    "validation_errors": Object {
      "giftaid": Array [
        "Giftaid is not a number",
      ],
    },
  },
  "code": 400,
}
`;

exports[`Service/RequestService HTTP GET .validateAgainstConstraints should return a response containing validation errors if the data provided is incorrect 1`] = `
ResponseModel {
  "body": Object {
    "data": Object {},
    "message": "required fields are missing",
    "validation_errors": Object {
      "giftaid": Array [
        "Giftaid is not a number",
      ],
    },
  },
  "code": 400,
}
`;

exports[`Service/RequestService HTTP HEAD .validateAgainstConstraints should return a response containing validation errors if the data provided is incorrect 1`] = `
ResponseModel {
  "body": Object {
    "data": Object {},
    "message": "required fields are missing",
    "validation_errors": Object {
      "giftaid": Array [
        "Giftaid is not a number",
      ],
    },
  },
  "code": 400,
}
`;

exports[`Service/RequestService HTTP OPTIONS .validateAgainstConstraints should return a response containing validation errors if the data provided is incorrect 1`] = `
ResponseModel {
  "body": Object {
    "data": Object {},
    "message": "required fields are missing",
    "validation_errors": Object {
      "giftaid": Array [
        "Giftaid is not a number",
      ],
    },
  },
  "code": 400,
}
`;

exports[`Service/RequestService HTTP PATCH .validateAgainstConstraints should return a response containing validation errors if the data provided is incorrect 1`] = `
ResponseModel {
  "body": Object {
    "data": Object {},
    "message": "required fields are missing",
    "validation_errors": Object {
      "giftaid": Array [
        "Giftaid is not a number",
      ],
    },
  },
  "code": 400,
}
`;

exports[`Service/RequestService HTTP POST .validateAgainstConstraints should return a response containing validation errors if the data provided is incorrect 1`] = `
ResponseModel {
  "body": Object {
    "data": Object {},
    "message": "required fields are missing",
    "validation_errors": Object {
      "giftaid": Array [
        "Giftaid is not a number",
      ],
    },
  },
  "code": 400,
}
`;

exports[`Service/RequestService HTTP PUT .validateAgainstConstraints should return a response containing validation errors if the data provided is incorrect 1`] = `
ResponseModel {
  "body": Object {
    "data": Object {},
    "message": "required fields are missing",
    "validation_errors": Object {
      "giftaid": Array [
        "Giftaid is not a number",
      ],
    },
  },
  "code": 400,
}
`;
